INFO:simple_strategy.shared.data_feeder:DataFeeder initialized with data_dir=data, memory_limit=90%
INFO:simple_strategy.shared.data_feeder:DataFeeder initialized with data_dir=data, memory_limit=90%
INFO:simple_strategy.shared.data_feeder:DataFeeder initialized with data_dir=data, memory_limit=90%
INFO:simple_strategy.shared.data_feeder:DataFeeder initialized with data_dir=data, memory_limit=90%
INFO:simple_strategy.shared.data_feeder:DataFeeder initialized with data_dir=data, memory_limit=90%
[I 2026-02-15 04:43:46,930] A new study created in memory with name: no-name-82f40452-a1ad-4a00-9e51-847c3945af05
INFO:simple_strategy.backtester.risk_manager:RiskManager initialized with max_risk_per_trade=0.02, max_portfolio_risk=0.1, max_positions=10
[I 2026-02-15 04:43:46,930] A new study created in memory with name: no-name-fdaf7638-2fc2-4f75-98c2-03c83cbcc8c2
[I 2026-02-15 04:43:46,930] A new study created in memory with name: no-name-a654d620-f9d2-4ba4-bb12-aacf0fadb5d0
INFO:simple_strategy.backtester.risk_manager:RiskManager initialized with max_risk_per_trade=0.02, max_portfolio_risk=0.1, max_positions=10
INFO:simple_strategy.backtester.risk_manager:RiskManager initialized with max_risk_per_trade=0.02, max_portfolio_risk=0.1, max_positions=10
[I 2026-02-15 04:43:46,931] A new study created in memory with name: no-name-a3e7f5f8-65cc-438b-8c4f-0457785795ad
INFO:simple_strategy.backtester.risk_manager:RiskManager initialized with max_risk_per_trade=0.02, max_portfolio_risk=0.1, max_positions=10
INFO:simple_strategy.shared.data_feeder:Loaded 129603 rows from data\BNBUSDT_1.csv
INFO:simple_strategy.shared.data_feeder:Loaded 129603 rows from data\BNBUSDT_1.csv
INFO:simple_strategy.shared.data_feeder:Loaded 129603 rows from data\BNBUSDT_1.csv
INFO:simple_strategy.shared.data_feeder:Loaded 129603 rows from data\BNBUSDT_1.csv
INFO:simple_strategy.shared.data_feeder:Loaded 129604 rows from data\XRPUSDT_1.csv
INFO:simple_strategy.shared.data_feeder:Loaded 129604 rows from data\XRPUSDT_1.csv
INFO:simple_strategy.shared.data_feeder:Loaded 129604 rows from data\XRPUSDT_1.csv
INFO:simple_strategy.shared.data_feeder:Loaded 129604 rows from data\XRPUSDT_1.csv
INFO:simple_strategy.shared.data_feeder:Loaded 129604 rows from data\ADAUSDT_1.csv
INFO:simple_strategy.shared.data_feeder:Loaded 129604 rows from data\ADAUSDT_1.csv
INFO:simple_strategy.shared.data_feeder:Loaded 129604 rows from data\ADAUSDT_1.csv
INFO:simple_strategy.shared.data_feeder:Loaded 129604 rows from data\ADAUSDT_1.csv
INFO:simple_strategy.shared.data_feeder:Loaded 129604 rows from data\DOTUSDT_1.csv
INFO:simple_strategy.shared.data_feeder:Loaded 129604 rows from data\DOTUSDT_1.csv
INFO:simple_strategy.shared.data_feeder:Loaded 129604 rows from data\DOTUSDT_1.csv
INFO:simple_strategy.shared.data_feeder:Loaded 129604 rows from data\DOTUSDT_1.csv
INFO:simple_strategy.shared.data_feeder:Loaded 129604 rows from data\ATOMUSDT_1.csv
INFO:simple_strategy.shared.data_feeder:Loaded 129604 rows from data\ATOMUSDT_1.csv
INFO:simple_strategy.shared.data_feeder:Loaded 129604 rows from data\ATOMUSDT_1.csv
INFO:simple_strategy.shared.data_feeder:Loaded 129604 rows from data\ATOMUSDT_1.csv
INFO:simple_strategy.shared.data_feeder:Loaded 129604 rows from data\ALGOUSDT_1.csv
INFO:simple_strategy.shared.data_feeder:Loaded 129604 rows from data\ALGOUSDT_1.csv
INFO:simple_strategy.shared.data_feeder:Loaded 129604 rows from data\ALGOUSDT_1.csv
INFO:simple_strategy.shared.data_feeder:Loaded 129604 rows from data\ALGOUSDT_1.csv
INFO:simple_strategy.shared.data_feeder:Loaded 129603 rows from data\VETUSDT_1.csv
INFO:simple_strategy.shared.data_feeder:Loaded 129603 rows from data\VETUSDT_1.csv
INFO:simple_strategy.shared.data_feeder:Loaded 129603 rows from data\VETUSDT_1.csv
INFO:simple_strategy.shared.data_feeder:Loaded 129603 rows from data\VETUSDT_1.csv
INFO:simple_strategy.shared.data_feeder:Loaded 129604 rows from data\ICPUSDT_1.csv
INFO:simple_strategy.shared.data_feeder:Loaded 129604 rows from data\ICPUSDT_1.csv
INFO:simple_strategy.shared.data_feeder:Loaded 129604 rows from data\ICPUSDT_1.csv
INFO:simple_strategy.shared.data_feeder:Loaded 129604 rows from data\ICPUSDT_1.csv
INFO:simple_strategy.shared.data_feeder:Loaded 129603 rows from data\FILUSDT_1.csv
INFO:simple_strategy.shared.data_feeder:Loaded 129603 rows from data\FILUSDT_1.csv
INFO:simple_strategy.shared.data_feeder:Loaded 129603 rows from data\FILUSDT_1.csv
INFO:simple_strategy.shared.data_feeder:Loaded 129603 rows from data\FILUSDT_1.csv
INFO:simple_strategy.shared.data_feeder:Loaded 129603 rows from data\AAVEUSDT_1.csv
INFO:simple_strategy.shared.data_feeder:Loaded 129603 rows from data\AAVEUSDT_1.csv
INFO:simple_strategy.shared.data_feeder:Loaded 129603 rows from data\AAVEUSDT_1.csv
INFO:simple_strategy.shared.data_feeder:Loaded 129603 rows from data\AAVEUSDT_1.csv
INFO:simple_strategy.shared.data_feeder:Loaded 129604 rows from data\COMPUSDT_1.csv
INFO:simple_strategy.shared.data_feeder:Loaded 129604 rows from data\COMPUSDT_1.csv
INFO:simple_strategy.shared.data_feeder:Loaded 129604 rows from data\COMPUSDT_1.csv
INFO:simple_strategy.shared.data_feeder:Loaded 129604 rows from data\COMPUSDT_1.csv
INFO:simple_strategy.shared.data_feeder:Loaded 129604 rows from data\CRVUSDT_1.csv
INFO:simple_strategy.shared.data_feeder:Loaded 129604 rows from data\CRVUSDT_1.csv
INFO:simple_strategy.shared.data_feeder:Loaded 129604 rows from data\CRVUSDT_1.csv
INFO:simple_strategy.shared.data_feeder:Loaded 129604 rows from data\CRVUSDT_1.csv
INFO:simple_strategy.shared.data_feeder:Loaded 129604 rows from data\SNXUSDT_1.csv
INFO:simple_strategy.shared.data_feeder:Loaded 129604 rows from data\SNXUSDT_1.csv
INFO:simple_strategy.shared.data_feeder:Loaded 129604 rows from data\SNXUSDT_1.csv
INFO:simple_strategy.shared.data_feeder:Loaded 129604 rows from data\SNXUSDT_1.csv
INFO:simple_strategy.shared.data_feeder:Loaded 129604 rows from data\SUSHIUSDT_1.csv
INFO:simple_strategy.shared.data_feeder:Loaded 129604 rows from data\SUSHIUSDT_1.csv
INFO:simple_strategy.shared.data_feeder:Loaded 129604 rows from data\SUSHIUSDT_1.csv
INFO:simple_strategy.shared.data_feeder:Loaded 129604 rows from data\SUSHIUSDT_1.csv
INFO:simple_strategy.shared.data_feeder:Loaded 129604 rows from data\ARBUSDT_1.csv
INFO:simple_strategy.shared.data_feeder:Loaded 129604 rows from data\ARBUSDT_1.csv
INFO:simple_strategy.shared.data_feeder:Loaded 129604 rows from data\ARBUSDT_1.csv
INFO:simple_strategy.shared.data_feeder:Loaded 129604 rows from data\ARBUSDT_1.csv
INFO:simple_strategy.shared.data_feeder:Loaded 129604 rows from data\OPUSDT_1.csv
INFO:simple_strategy.shared.data_feeder:Loaded 129604 rows from data\OPUSDT_1.csv
INFO:simple_strategy.shared.data_feeder:Loaded 129604 rows from data\OPUSDT_1.csv
INFO:simple_strategy.shared.data_feeder:Loaded 129604 rows from data\OPUSDT_1.csv
INFO:simple_strategy.shared.data_feeder:Loaded 129604 rows from data\NEARUSDT_1.csv
INFO:simple_strategy.shared.data_feeder:Loaded 129604 rows from data\NEARUSDT_1.csv
INFO:simple_strategy.shared.data_feeder:Loaded 129604 rows from data\NEARUSDT_1.csv
INFO:simple_strategy.shared.data_feeder:Loaded 129604 rows from data\NEARUSDT_1.csv
INFO:simple_strategy.shared.data_feeder:Loaded 129604 rows from data\GRTUSDT_1.csv
INFO:simple_strategy.shared.data_feeder:Loaded 129604 rows from data\GRTUSDT_1.csv
INFO:simple_strategy.shared.data_feeder:Loaded 129604 rows from data\GRTUSDT_1.csv
INFO:simple_strategy.shared.data_feeder:Loaded 129604 rows from data\GRTUSDT_1.csv
[I 2026-02-15 04:46:45,034] Trial 0 finished with value: -1000000.0 and parameters: {'i__sma_fast__period': 22, 'i__sma_slow__period': 192}. Best is trial 0 with value: -1000000.0.
INFO:simple_strategy.backtester.risk_manager:RiskManager initialized with max_risk_per_trade=0.02, max_portfolio_risk=0.1, max_positions=10
[I 2026-02-15 04:46:51,336] Trial 0 finished with value: -1000000.0 and parameters: {'i__rsi_main__period': 15, 's__rsi_osob__overbought': 84, 's__rsi_osob__oversold': 34}. Best is trial 0 with value: -1000000.0.
INFO:simple_strategy.backtester.risk_manager:RiskManager initialized with max_risk_per_trade=0.02, max_portfolio_risk=0.1, max_positions=10
[I 2026-02-15 04:46:53,749] Trial 0 finished with value: -1000000.0 and parameters: {'i__rsi_main__period': 15, 'i__sma_fast__period': 48, 'i__sma_slow__period': 152, 's__rsi_osob__overbought': 77, 's__rsi_osob__oversold': 19}. Best is trial 0 with value: -1000000.0.
INFO:simple_strategy.backtester.risk_manager:RiskManager initialized with max_risk_per_trade=0.02, max_portfolio_risk=0.1, max_positions=10
[I 2026-02-15 04:47:03,011] Trial 0 finished with value: -99.19946636877972 and parameters: {'i__ema_fast__period': 18, 'i__ema_slow__period': 135, 'i__rsi_main__period': 23, 'i__sma_fast__period': 32, 'i__sma_slow__period': 48, 's__rsi_trend_combo__overbought': 68, 's__rsi_trend_combo__oversold': 16}. Best is trial 0 with value: -99.19946636877972.
INFO:simple_strategy.backtester.risk_manager:RiskManager initialized with max_risk_per_trade=0.02, max_portfolio_risk=0.1, max_positions=10
